{
  "mode": "single",
  "outputFile": "output.8SVX",
  "segments": [
    {
      "label": "input",
      "note": "C-2",
      "targetHz": 8287,
      "startByte": 0,
      "startOffsetHex": "00",
      "lengthBytes": 256,
      "paddedLengthBytes": 256,
      "paddedLength": 256,
      "sampleData": {
        "0": 225,
        "1": 225,
        "2": 127,
        "3": 127,
        "4": 51,
        "5": 51,
        "6": 51,
        "7": 51,
        "8": 51,
        "9": 51,
        "10": 51,
        "11": 51,
        "12": 51,
        "13": 51,
        "14": 51,
        "15": 51,
        "16": 51,
        "17": 51,
        "18": 51,
        "19": 51,
        "20": 51,
        "21": 51,
        "22": 51,
        "23": 51,
        "24": 51,
        "25": 51,
        "26": 51,
        "27": 51,
        "28": 51,
        "29": 51,
        "30": 51,
        "31": 51,
        "32": 51,
        "33": 51,
        "34": 51,
        "35": 51,
        "36": 51,
        "37": 51,
        "38": 51,
        "39": 51,
        "40": 51,
        "41": 51,
        "42": 51,
        "43": 51,
        "44": 51,
        "45": 51,
        "46": 51,
        "47": 51,
        "48": 51,
        "49": 51,
        "50": 51,
        "51": 51,
        "52": 51,
        "53": 51,
        "54": 51,
        "55": 51,
        "56": 51,
        "57": 51,
        "58": 51,
        "59": 51,
        "60": 51,
        "61": 51,
        "62": 51,
        "63": 51,
        "64": 51,
        "65": 51,
        "66": 51,
        "67": 51,
        "68": 51,
        "69": 51,
        "70": 51,
        "71": 51,
        "72": 51,
        "73": 51,
        "74": 51,
        "75": 51,
        "76": 51,
        "77": 51,
        "78": 51,
        "79": 51,
        "80": 51,
        "81": 51,
        "82": 51,
        "83": 51,
        "84": 51,
        "85": 51,
        "86": 51,
        "87": 51,
        "88": 51,
        "89": 51,
        "90": 51,
        "91": 51,
        "92": 51,
        "93": 51,
        "94": 51,
        "95": 51,
        "96": 51,
        "97": 51,
        "98": 51,
        "99": 51,
        "100": 51,
        "101": 51,
        "102": 51,
        "103": 51,
        "104": 51,
        "105": 51,
        "106": 51,
        "107": 51,
        "108": 51,
        "109": 51,
        "110": 51,
        "111": 51,
        "112": 51,
        "113": 51,
        "114": 51,
        "115": 51,
        "116": 51,
        "117": 51,
        "118": 51,
        "119": 51,
        "120": 51,
        "121": 51,
        "122": 51,
        "123": 51,
        "124": 51,
        "125": 51,
        "126": 51,
        "127": 51,
        "128": 51,
        "129": 51,
        "130": 51,
        "131": 51,
        "132": 204,
        "133": 204,
        "134": 204,
        "135": 204,
        "136": 204,
        "137": 204,
        "138": 204,
        "139": 204,
        "140": 204,
        "141": 204,
        "142": 204,
        "143": 204,
        "144": 204,
        "145": 204,
        "146": 204,
        "147": 204,
        "148": 204,
        "149": 204,
        "150": 204,
        "151": 204,
        "152": 204,
        "153": 204,
        "154": 204,
        "155": 204,
        "156": 204,
        "157": 204,
        "158": 204,
        "159": 204,
        "160": 204,
        "161": 204,
        "162": 204,
        "163": 204,
        "164": 204,
        "165": 204,
        "166": 204,
        "167": 204,
        "168": 204,
        "169": 204,
        "170": 204,
        "171": 204,
        "172": 204,
        "173": 204,
        "174": 204,
        "175": 204,
        "176": 204,
        "177": 204,
        "178": 204,
        "179": 204,
        "180": 204,
        "181": 204,
        "182": 204,
        "183": 204,
        "184": 204,
        "185": 204,
        "186": 204,
        "187": 204,
        "188": 204,
        "189": 204,
        "190": 204,
        "191": 204,
        "192": 204,
        "193": 204,
        "194": 204,
        "195": 204,
        "196": 204,
        "197": 204,
        "198": 204,
        "199": 204,
        "200": 204,
        "201": 204,
        "202": 204,
        "203": 204,
        "204": 204,
        "205": 204,
        "206": 204,
        "207": 204,
        "208": 204,
        "209": 204,
        "210": 204,
        "211": 204,
        "212": 204,
        "213": 204,
        "214": 204,
        "215": 204,
        "216": 204,
        "217": 204,
        "218": 204,
        "219": 204,
        "220": 204,
        "221": 204,
        "222": 204,
        "223": 204,
        "224": 204,
        "225": 204,
        "226": 204,
        "227": 204,
        "228": 204,
        "229": 204,
        "230": 204,
        "231": 204,
        "232": 204,
        "233": 204,
        "234": 204,
        "235": 204,
        "236": 204,
        "237": 204,
        "238": 204,
        "239": 204,
        "240": 204,
        "241": 204,
        "242": 204,
        "243": 204,
        "244": 204,
        "245": 204,
        "246": 204,
        "247": 204,
        "248": 204,
        "249": 204,
        "250": 204,
        "251": 204,
        "252": 204,
        "253": 204,
        "254": 204,
        "255": 204
      }
    }
  ],
  "versions": {
    "node": "v20.19.0",
    "pnpm": "9.10.0",
    "ffmpeg": "unknown",
    "resampler": {
      "name": "zoh",
      "version": "1.0.0"
    },
    "git": "273b33d2f93e4dc9f64a0febe10120aab8488e72"
  }
}