{
  "mode": "single",
  "outputFile": "output.8SVX",
  "segments": [
    {
      "label": "input",
      "note": "C-2",
      "targetHz": 8287,
      "startByte": 0,
      "startOffsetHex": "00",
      "lengthBytes": 829,
      "paddedLengthBytes": 1024,
      "paddedLength": 1024,
      "sampleData": {
        "0": 128,
        "1": 155,
        "2": 180,
        "3": 200,
        "4": 214,
        "5": 217,
        "6": 211,
        "7": 193,
        "8": 171,
        "9": 145,
        "10": 111,
        "11": 85,
        "12": 63,
        "13": 45,
        "14": 38,
        "15": 40,
        "16": 54,
        "17": 74,
        "18": 99,
        "19": 132,
        "20": 159,
        "21": 184,
        "22": 205,
        "23": 215,
        "24": 217,
        "25": 207,
        "26": 190,
        "27": 167,
        "28": 135,
        "29": 107,
        "30": 81,
        "31": 60,
        "32": 43,
        "33": 38,
        "34": 42,
        "35": 57,
        "36": 77,
        "37": 103,
        "38": 136,
        "39": 163,
        "40": 187,
        "41": 207,
        "42": 216,
        "43": 216,
        "44": 205,
        "45": 187,
        "46": 163,
        "47": 131,
        "48": 103,
        "49": 78,
        "50": 54,
        "51": 42,
        "52": 38,
        "53": 45,
        "54": 60,
        "55": 81,
        "56": 113,
        "57": 140,
        "58": 167,
        "59": 190,
        "60": 209,
        "61": 217,
        "62": 215,
        "63": 202,
        "64": 184,
        "65": 159,
        "66": 126,
        "67": 99,
        "68": 74,
        "69": 51,
        "70": 41,
        "71": 38,
        "72": 47,
        "73": 63,
        "74": 85,
        "75": 117,
        "76": 145,
        "77": 171,
        "78": 197,
        "79": 211,
        "80": 217,
        "81": 213,
        "82": 200,
        "83": 180,
        "84": 150,
        "85": 122,
        "86": 95,
        "87": 71,
        "88": 49,
        "89": 40,
        "90": 39,
        "91": 49,
        "92": 66,
        "93": 89,
        "94": 121,
        "95": 149,
        "96": 175,
        "97": 199,
        "98": 212,
        "99": 217,
        "100": 211,
        "101": 197,
        "102": 177,
        "103": 146,
        "104": 118,
        "105": 91,
        "106": 63,
        "107": 47,
        "108": 39,
        "109": 40,
        "110": 51,
        "111": 69,
        "112": 98,
        "113": 125,
        "114": 153,
        "115": 178,
        "116": 202,
        "117": 214,
        "118": 217,
        "119": 210,
        "120": 195,
        "121": 173,
        "122": 141,
        "123": 113,
        "124": 87,
        "125": 60,
        "126": 45,
        "127": 38,
        "128": 41,
        "129": 53,
        "130": 72,
        "131": 102,
        "132": 130,
        "133": 157,
        "134": 186,
        "135": 204,
        "136": 215,
        "137": 216,
        "138": 208,
        "139": 192,
        "140": 164,
        "141": 137,
        "142": 109,
        "143": 83,
        "144": 58,
        "145": 44,
        "146": 38,
        "147": 43,
        "148": 56,
        "149": 76,
        "150": 106,
        "151": 134,
        "152": 161,
        "153": 189,
        "154": 206,
        "155": 216,
        "156": 215,
        "157": 206,
        "158": 188,
        "159": 160,
        "160": 133,
        "161": 105,
        "162": 75,
        "163": 55,
        "164": 42,
        "165": 38,
        "166": 44,
        "167": 58,
        "168": 84,
        "169": 110,
        "170": 138,
        "171": 165,
        "172": 193,
        "173": 208,
        "174": 216,
        "175": 214,
        "176": 204,
        "177": 185,
        "178": 156,
        "179": 128,
        "180": 101,
        "181": 71,
        "182": 52,
        "183": 41,
        "184": 38,
        "185": 46,
        "186": 61,
        "187": 88,
        "188": 115,
        "189": 143,
        "190": 174,
        "191": 195,
        "192": 210,
        "193": 217,
        "194": 213,
        "195": 201,
        "196": 177,
        "197": 152,
        "198": 124,
        "199": 97,
        "200": 68,
        "201": 50,
        "202": 40,
        "203": 39,
        "204": 48,
        "205": 64,
        "206": 92,
        "207": 119,
        "208": 147,
        "209": 178,
        "210": 198,
        "211": 212,
        "212": 217,
        "213": 212,
        "214": 199,
        "215": 174,
        "216": 148,
        "217": 120,
        "218": 87,
        "219": 65,
        "220": 48,
        "221": 38,
        "222": 40,
        "223": 50,
        "224": 72,
        "225": 96,
        "226": 123,
        "227": 157,
        "228": 181,
        "229": 201,
        "230": 213,
        "231": 217,
        "232": 210,
        "233": 196,
        "234": 170,
        "235": 143,
        "236": 115,
        "237": 84,
        "238": 62,
        "239": 46,
        "240": 38,
        "241": 41,
        "242": 52,
        "243": 75,
        "244": 100,
        "245": 128,
        "246": 161,
        "247": 185,
        "248": 203,
        "249": 216,
        "250": 216,
        "251": 209,
        "252": 189,
        "253": 166,
        "254": 139,
        "255": 106,
        "256": 80,
        "257": 59,
        "258": 44,
        "259": 38,
        "260": 42,
        "261": 55,
        "262": 79,
        "263": 104,
        "264": 132,
        "265": 165,
        "266": 188,
        "267": 205,
        "268": 216,
        "269": 216,
        "270": 207,
        "271": 186,
        "272": 162,
        "273": 135,
        "274": 101,
        "275": 76,
        "276": 56,
        "277": 41,
        "278": 38,
        "279": 43,
        "280": 61,
        "281": 82,
        "282": 108,
        "283": 142,
        "284": 169,
        "285": 191,
        "286": 207,
        "287": 217,
        "288": 215,
        "289": 205,
        "290": 182,
        "291": 158,
        "292": 130,
        "293": 97,
        "294": 73,
        "295": 54,
        "296": 40,
        "297": 38,
        "298": 45,
        "299": 64,
        "300": 86,
        "301": 113,
        "302": 146,
        "303": 172,
        "304": 194,
        "305": 211,
        "306": 217,
        "307": 214,
        "308": 199,
        "309": 179,
        "310": 154,
        "311": 120,
        "312": 93,
        "313": 69,
        "314": 51,
        "315": 39,
        "316": 39,
        "317": 47,
        "318": 67,
        "319": 90,
        "320": 117,
        "321": 150,
        "322": 176,
        "323": 197,
        "324": 213,
        "325": 217,
        "326": 213,
        "327": 196,
        "328": 175,
        "329": 150,
        "330": 116,
        "331": 89,
        "332": 66,
        "333": 46,
        "334": 39,
        "335": 39,
        "336": 52,
        "337": 70,
        "338": 94,
        "339": 127,
        "340": 155,
        "341": 180,
        "342": 200,
        "343": 214,
        "344": 217,
        "345": 211,
        "346": 193,
        "347": 172,
        "348": 145,
        "349": 112,
        "350": 85,
        "351": 63,
        "352": 45,
        "353": 38,
        "354": 40,
        "355": 54,
        "356": 74,
        "357": 98,
        "358": 131,
        "359": 159,
        "360": 183,
        "361": 205,
        "362": 215,
        "363": 217,
        "364": 207,
        "365": 190,
        "366": 168,
        "367": 136,
        "368": 108,
        "369": 82,
        "370": 60,
        "371": 43,
        "372": 38,
        "373": 41,
        "374": 57,
        "375": 77,
        "376": 102,
        "377": 136,
        "378": 163,
        "379": 186,
        "380": 207,
        "381": 216,
        "382": 216,
        "383": 205,
        "384": 187,
        "385": 164,
        "386": 131,
        "387": 103,
        "388": 78,
        "389": 54,
        "390": 42,
        "391": 38,
        "392": 45,
        "393": 59,
        "394": 81,
        "395": 112,
        "396": 140,
        "397": 167,
        "398": 190,
        "399": 209,
        "400": 217,
        "401": 215,
        "402": 203,
        "403": 184,
        "404": 160,
        "405": 127,
        "406": 99,
        "407": 74,
        "408": 52,
        "409": 41,
        "410": 38,
        "411": 47,
        "412": 62,
        "413": 84,
        "414": 116,
        "415": 144,
        "416": 171,
        "417": 196,
        "418": 211,
        "419": 217,
        "420": 213,
        "421": 200,
        "422": 181,
        "423": 150,
        "424": 123,
        "425": 95,
        "426": 71,
        "427": 49,
        "428": 40,
        "429": 38,
        "430": 48,
        "431": 65,
        "432": 88,
        "433": 121,
        "434": 148,
        "435": 174,
        "436": 199,
        "437": 212,
        "438": 217,
        "439": 211,
        "440": 198,
        "441": 177,
        "442": 146,
        "443": 118,
        "444": 91,
        "445": 64,
        "446": 47,
        "447": 39,
        "448": 40,
        "449": 51,
        "450": 69,
        "451": 97,
        "452": 125,
        "453": 153,
        "454": 183,
        "455": 202,
        "456": 214,
        "457": 217,
        "458": 210,
        "459": 195,
        "460": 173,
        "461": 142,
        "462": 114,
        "463": 87,
        "464": 61,
        "465": 46,
        "466": 38,
        "467": 41,
        "468": 53,
        "469": 72,
        "470": 102,
        "471": 129,
        "472": 157,
        "473": 186,
        "474": 204,
        "475": 215,
        "476": 216,
        "477": 208,
        "478": 192,
        "479": 165,
        "480": 138,
        "481": 110,
        "482": 79,
        "483": 58,
        "484": 44,
        "485": 38,
        "486": 43,
        "487": 55,
        "488": 75,
        "489": 106,
        "490": 134,
        "491": 161,
        "492": 189,
        "493": 206,
        "494": 216,
        "495": 215,
        "496": 206,
        "497": 189,
        "498": 161,
        "499": 133,
        "500": 105,
        "501": 75,
        "502": 55,
        "503": 42,
        "504": 38,
        "505": 44,
        "506": 58,
        "507": 84,
        "508": 110,
        "509": 138,
        "510": 170,
        "511": 192,
        "512": 208,
        "513": 216,
        "514": 215,
        "515": 204,
        "516": 186,
        "517": 156,
        "518": 129,
        "519": 101,
        "520": 72,
        "521": 53,
        "522": 41,
        "523": 38,
        "524": 46,
        "525": 61,
        "526": 88,
        "527": 114,
        "528": 142,
        "529": 174,
        "530": 195,
        "531": 210,
        "532": 217,
        "533": 213,
        "534": 201,
        "535": 178,
        "536": 152,
        "537": 125,
        "538": 92,
        "539": 68,
        "540": 50,
        "541": 40,
        "542": 39,
        "543": 48,
        "544": 64,
        "545": 92,
        "546": 119,
        "547": 147,
        "548": 177,
        "549": 198,
        "550": 212,
        "551": 217,
        "552": 212,
        "553": 199,
        "554": 174,
        "555": 148,
        "556": 120,
        "557": 88,
        "558": 65,
        "559": 48,
        "560": 38,
        "561": 40,
        "562": 50,
        "563": 71,
        "564": 96,
        "565": 123,
        "566": 156,
        "567": 181,
        "568": 200,
        "569": 213,
        "570": 217,
        "571": 211,
        "572": 196,
        "573": 170,
        "574": 144,
        "575": 116,
        "576": 84,
        "577": 62,
        "578": 46,
        "579": 38,
        "580": 41,
        "581": 52,
        "582": 75,
        "583": 100,
        "584": 127,
        "585": 160,
        "586": 184,
        "587": 203,
        "588": 215,
        "589": 216,
        "590": 209,
        "591": 189,
        "592": 166,
        "593": 140,
        "594": 106,
        "595": 80,
        "596": 59,
        "597": 45,
        "598": 38,
        "599": 42,
        "600": 54,
        "601": 78,
        "602": 104,
        "603": 132,
        "604": 164,
        "605": 188,
        "606": 205,
        "607": 216,
        "608": 216,
        "609": 207,
        "610": 186,
        "611": 162,
        "612": 135,
        "613": 102,
        "614": 77,
        "615": 56,
        "616": 41,
        "617": 38,
        "618": 43,
        "619": 60,
        "620": 82,
        "621": 108,
        "622": 141,
        "623": 168,
        "624": 191,
        "625": 207,
        "626": 217,
        "627": 215,
        "628": 205,
        "629": 183,
        "630": 158,
        "631": 131,
        "632": 98,
        "633": 73,
        "634": 54,
        "635": 40,
        "636": 38,
        "637": 45,
        "638": 63,
        "639": 86,
        "640": 112,
        "641": 146,
        "642": 172,
        "643": 194,
        "644": 211,
        "645": 217,
        "646": 214,
        "647": 199,
        "648": 179,
        "649": 154,
        "650": 121,
        "651": 94,
        "652": 70,
        "653": 51,
        "654": 39,
        "655": 39,
        "656": 47,
        "657": 66,
        "658": 90,
        "659": 117,
        "660": 150,
        "661": 176,
        "662": 197,
        "663": 213,
        "664": 217,
        "665": 213,
        "666": 197,
        "667": 176,
        "668": 150,
        "669": 117,
        "670": 90,
        "671": 67,
        "672": 47,
        "673": 39,
        "674": 39,
        "675": 51,
        "676": 70,
        "677": 94,
        "678": 126,
        "679": 154,
        "680": 179,
        "681": 202,
        "682": 214,
        "683": 217,
        "684": 211,
        "685": 194,
        "686": 172,
        "687": 146,
        "688": 112,
        "689": 86,
        "690": 63,
        "691": 45,
        "692": 38,
        "693": 40,
        "694": 54,
        "695": 73,
        "696": 98,
        "697": 131,
        "698": 158,
        "699": 183,
        "700": 205,
        "701": 215,
        "702": 217,
        "703": 207,
        "704": 191,
        "705": 168,
        "706": 136,
        "707": 108,
        "708": 82,
        "709": 57,
        "710": 43,
        "711": 38,
        "712": 41,
        "713": 56,
        "714": 77,
        "715": 102,
        "716": 135,
        "717": 162,
        "718": 186,
        "719": 207,
        "720": 216,
        "721": 216,
        "722": 205,
        "723": 188,
        "724": 164,
        "725": 132,
        "726": 104,
        "727": 78,
        "728": 54,
        "729": 42,
        "730": 38,
        "731": 45,
        "732": 59,
        "733": 80,
        "734": 112,
        "735": 139,
        "736": 166,
        "737": 193,
        "738": 209,
        "739": 216,
        "740": 215,
        "741": 203,
        "742": 184,
        "743": 160,
        "744": 127,
        "745": 100,
        "746": 75,
        "747": 52,
        "748": 41,
        "749": 38,
        "750": 46,
        "751": 62,
        "752": 84,
        "753": 116,
        "754": 144,
        "755": 170,
        "756": 196,
        "757": 211,
        "758": 217,
        "759": 213,
        "760": 201,
        "761": 181,
        "762": 151,
        "763": 123,
        "764": 96,
        "765": 67,
        "766": 50,
        "767": 40,
        "768": 38,
        "769": 48,
        "770": 65,
        "771": 88,
        "772": 120,
        "773": 148,
        "774": 174,
        "775": 199,
        "776": 212,
        "777": 217,
        "778": 212,
        "779": 198,
        "780": 177,
        "781": 147,
        "782": 119,
        "783": 92,
        "784": 64,
        "785": 48,
        "786": 39,
        "787": 40,
        "788": 50,
        "789": 68,
        "790": 97,
        "791": 124,
        "792": 152,
        "793": 182,
        "794": 201,
        "795": 213,
        "796": 217,
        "797": 210,
        "798": 195,
        "799": 174,
        "800": 142,
        "801": 114,
        "802": 88,
        "803": 61,
        "804": 46,
        "805": 38,
        "806": 41,
        "807": 53,
        "808": 71,
        "809": 101,
        "810": 129,
        "811": 156,
        "812": 185,
        "813": 204,
        "814": 215,
        "815": 216,
        "816": 208,
        "817": 192,
        "818": 165,
        "819": 138,
        "820": 110,
        "821": 79,
        "822": 58,
        "823": 44,
        "824": 38,
        "825": 42,
        "826": 55,
        "827": 75,
        "828": 105
      }
    }
  ],
  "versions": {
    "node": "v20.19.0",
    "pnpm": "9.10.0",
    "ffmpeg": "unknown",
    "resampler": {
      "name": "zoh",
      "version": "1.0.0"
    },
    "git": "6ec8fda251b54446751295f1235d26851da6a2ce"
  }
}