# Placeholder for expected report - will be generated during regeneration
